src/app/components/CanvasBackground.tsx(34,34): error TS18047: 'canvas' is possibly 'null'.
src/app/components/CanvasBackground.tsx(35,34): error TS18047: 'canvas' is possibly 'null'.
src/app/components/CanvasBackground.tsx(46,22): error TS18047: 'canvas' is possibly 'null'.
src/app/components/CanvasBackground.tsx(47,39): error TS18047: 'canvas' is possibly 'null'.
src/app/components/CanvasBackground.tsx(48,22): error TS18047: 'canvas' is possibly 'null'.
src/app/components/CanvasBackground.tsx(49,39): error TS18047: 'canvas' is possibly 'null'.
src/main.tsx(3,19): error TS5097: An import path can only end with a '.tsx' extension when 'allowImportingTsExtensions' is enabled.
